###############################################################################
#
# IAR ELF Linker V9.10.2.313/W64 for ARM                  26/Aug/2021  15:32:27
# Copyright 2007-2021 IAR Systems AB.
#
#    Output file  =
#        C:\Users\Usuario\Desktop\Projetos_TIVA\TM4C1294_RTOS_IAR9-main-Projeto-Final\Projects\UART_inst\ewarm\Exe\UART_inst.out
#    Map file     =
#        C:\Users\Usuario\Desktop\Projetos_TIVA\TM4C1294_RTOS_IAR9-main-Projeto-Final\Projects\UART_inst\ewarm\List\UART_inst.map
#    Command line =
#        -f
#        C:\Users\Usuario\Desktop\Projetos_TIVA\TM4C1294_RTOS_IAR9-main-Projeto-Final\Projects\UART_inst\ewarm\Exe\UART_inst.out.rsp
#        (C:\Users\Usuario\Desktop\Projetos_TIVA\TM4C1294_RTOS_IAR9-main-Projeto-Final\TivaWare_C_Series-2.1.4.178\driverlib\ewarm\Exe\driverlib.a
#        C:\Users\Usuario\Desktop\Projetos_TIVA\TM4C1294_RTOS_IAR9-main-Projeto-Final\CMSIS-5.6.0\CMSIS\RTOS2\RTX\Library\IAR\IDE\CM4F\Exe\RTX_CM.a
#        C:\Users\Usuario\Desktop\Projetos_TIVA\TM4C1294_RTOS_IAR9-main-Projeto-Final\Projects\UART_inst\ewarm\Obj\RTX_Config.o
#        C:\Users\Usuario\Desktop\Projetos_TIVA\TM4C1294_RTOS_IAR9-main-Projeto-Final\Projects\UART_inst\ewarm\Obj\rtx_lib.o
#        C:\Users\Usuario\Desktop\Projetos_TIVA\TM4C1294_RTOS_IAR9-main-Projeto-Final\Projects\UART_inst\ewarm\Obj\startup_TM4C1294.o
#        C:\Users\Usuario\Desktop\Projetos_TIVA\TM4C1294_RTOS_IAR9-main-Projeto-Final\Projects\UART_inst\ewarm\Obj\system_TM4C1294_TW.o
#        C:\Users\Usuario\Desktop\Projetos_TIVA\TM4C1294_RTOS_IAR9-main-Projeto-Final\Projects\UART_inst\ewarm\Obj\UART_inst.o
#        C:\Users\Usuario\Desktop\Projetos_TIVA\TM4C1294_RTOS_IAR9-main-Projeto-Final\Projects\UART_inst\ewarm\Obj\uartstdio.o
#        --no_out_extension -o
#        C:\Users\Usuario\Desktop\Projetos_TIVA\TM4C1294_RTOS_IAR9-main-Projeto-Final\Projects\UART_inst\ewarm\Exe\UART_inst.out
#        --map
#        C:\Users\Usuario\Desktop\Projetos_TIVA\TM4C1294_RTOS_IAR9-main-Projeto-Final\Projects\UART_inst\ewarm\List\UART_inst.map
#        --config "C:\Program Files\IAR Systems\Embedded Workbench
#        9.0\arm\config\linker\TexasInstruments\TM4C1294NC.icf" --semihosting
#        --entry __iar_program_start --vfe --text_out locale)
#
###############################################################################

*******************************************************************************
*** RUNTIME MODEL ATTRIBUTES
***

CppFlavor       = *
__SystemLibrary = DLib
__dlib_version  = 6


*******************************************************************************
*** HEAP SELECTION
***

The basic heap was selected because some modules are built with
size limitations (and not runtime checking), and --advanced_heap
was not specified.


*******************************************************************************
*** PLACEMENT SUMMARY
***

"A0":  place at address 0x0 { ro section .intvec };
"P1":  place in [from 0x0 to 0xf'ffff] { ro };
define block CSTACK with size = 32K, alignment = 8 { };
define block HEAP with size = 64K, alignment = 8 { };
"P2":  place in [from 0x2000'0000 to 0x2003'ffff] {
          rw, block CSTACK, block HEAP };
initialize by copy { rw };

  Section               Kind         Address    Size  Object
  -------               ----         -------    ----  ------
"A0":                                          0x3c0
  .intvec               ro code          0x0   0x3c0  startup_TM4C1294.o [1]
                                     - 0x3c0   0x3c0

"P1":                                         0x3a37
  .text                 ro code        0x3c0   0x870  UART_inst.o [1]
  .text                 ro code        0xc30   0x2ac  sysctl.o [4]
  .text                 ro code        0xedc   0x5d4  uartstdio.o [1]
  .text                 ro code       0x14b0   0x18c  gpio.o [4]
  .text                 ro code       0x163c   0x67c  rtx_msgqueue.o [2]
  .text                 ro code       0x1cb8   0x2c8  rtx_kernel.o [2]
  .text                 ro code       0x1f80   0x34c  rtx_mutex.o [2]
  .text                 ro code       0x22cc    0x7c  rtx_delay.o [2]
  .text                 ro code       0x2348    0x28  printf.o [3]
  .text                 ro code       0x2370   0x7fc  rtx_thread.o [2]
  .text                 ro code       0x2b6c    0xf0  interrupt.o [4]
  .text                 ro code       0x2c5c   0x112  uart.o [4]
  .text                 ro code       0x2d6e    0x3a  packbits_init_single.o [5]
  .text                 ro code       0x2da8    0xe6  rtx_mempool.o [2]
  .text                 ro code       0x2e8e     0x2  startup_TM4C1294.o [1]
  .text                 ro code       0x2e90    0xa6  ABImemcpy.o [5]
  .text                 ro code       0x2f36     0x2  rtx_evr.o [2]
  .text                 ro code       0x2f38     0x2  rtx_evr.o [2]
  .text                 ro code       0x2f3a     0x2  rtx_evr.o [2]
  .text                 ro code       0x2f3c    0x84  rtx_memory.o [2]
  .text                 ro code       0x2fc0    0x4a  rtx_memory.o [2]
  .text                 ro code       0x300c     0x6  ABImemclr.o [5]
  .text                 ro code       0x3012     0x2  rtx_evr.o [2]
  .text                 ro code       0x3014     0x2  rtx_evr.o [2]
  .text                 ro code       0x3016     0x2  rtx_evr.o [2]
  .text                 ro code       0x3018     0x2  rtx_evr.o [2]
  .text                 ro code       0x301a     0x2  rtx_evr.o [2]
  .text                 ro code       0x301c     0x2  rtx_evr.o [2]
  .text                 ro code       0x301e     0x2  rtx_evr.o [2]
  .text                 ro code       0x3020     0x2  rtx_evr.o [2]
  .text                 ro code       0x3022     0x2  rtx_evr.o [2]
  .text                 ro code       0x3024     0x2  rtx_evr.o [2]
  .text                 ro code       0x3028   0x174  rtx_system.o [2]
  .text                 ro code       0x319c     0x2  rtx_evr.o [2]
  .text                 ro code       0x319e     0x2  rtx_evr.o [2]
  .text                 ro code       0x31a0     0x2  rtx_evr.o [2]
  .text                 ro code       0x31a4     0x6  ABImemclr4.o [5]
  .text                 ro code       0x31aa    0x44  rtx_memory.o [2]
  .text                 ro code       0x31ee     0x2  rtx_evr.o [2]
  .text                 ro code       0x31f0     0x2  rtx_evr.o [2]
  .text                 ro code       0x31f4    0x40  os_systick.o [2]
  .text                 ro code       0x3234     0x6  os_systick.o [2]
  .text                 ro code       0x323c    0x2c  os_systick.o [2]
  .text                 ro code       0x3268     0x2  rtx_evr.o [2]
  .text                 ro code       0x326a     0x2  rtx_lib.o [1]
  .text                 ro code       0x326c     0x2  rtx_evr.o [2]
  .text                 ro code       0x326e     0x2  rtx_evr.o [2]
  .text                 ro code       0x3270     0x2  rtx_evr.o [2]
  .text                 ro code       0x3272     0x2  rtx_evr.o [2]
  .text                 ro code       0x3274     0x2  rtx_evr.o [2]
  .text                 ro code       0x3276     0x2  rtx_evr.o [2]
  .text                 ro code       0x3278     0x2  rtx_evr.o [2]
  .text                 ro code       0x327a     0x2  rtx_evr.o [2]
  .text                 ro code       0x327c     0x2  rtx_evr.o [2]
  .text                 ro code       0x327e     0x2  rtx_evr.o [2]
  .text                 ro code       0x3280     0x2  rtx_evr.o [2]
  .text                 ro code       0x3282     0x2  rtx_evr.o [2]
  .text                 ro code       0x3284     0x2  rtx_evr.o [2]
  .text                 ro code       0x3286     0x2  rtx_evr.o [2]
  .text                 ro code       0x3288     0x2  rtx_evr.o [2]
  .text                 ro code       0x328a     0x2  rtx_evr.o [2]
  .text                 ro code       0x328c     0x2  rtx_evr.o [2]
  .text                 ro code       0x328e   0x136  xprintftiny.o [3]
  .text                 ro code       0x33c4     0x2  rtx_evr.o [2]
  .text                 ro code       0x33c6     0x2  rtx_evr.o [2]
  .text                 ro code       0x33c8     0x2  rtx_evr.o [2]
  .text                 ro code       0x33ca     0x2  rtx_evr.o [2]
  .text                 ro code       0x33cc     0x2  rtx_evr.o [2]
  .text                 ro code       0x33ce     0x2  rtx_evr.o [2]
  .text                 ro code       0x33d0    0x28  rtx_thread.o [2]
  .text                 ro code       0x33f8     0x2  rtx_evr.o [2]
  .text                 ro code       0x33fa     0x2  rtx_evr.o [2]
  .text                 ro code       0x33fc     0x2  rtx_evr.o [2]
  .text                 ro code       0x33fe     0x2  rtx_evr.o [2]
  .text                 ro code       0x3400     0x2  rtx_evr.o [2]
  .text                 ro code       0x3402     0x2  rtx_evr.o [2]
  .text                 ro code       0x3404     0x2  rtx_evr.o [2]
  .text                 ro code       0x3406     0x2  rtx_evr.o [2]
  .text                 ro code       0x3408     0x2  rtx_evr.o [2]
  .text                 ro code       0x340a     0x2  rtx_evr.o [2]
  .text                 ro code       0x340c     0x2  rtx_evr.o [2]
  .text                 ro code       0x3410    0x10  cpu.o [4]
  .text                 ro code       0x3420     0x2  rtx_evr.o [2]
  .text                 ro code       0x3422     0x2  rtx_evr.o [2]
  .text                 ro code       0x3424     0x2  rtx_evr.o [2]
  .text                 ro code       0x3426     0x2  rtx_evr.o [2]
  .text                 ro code       0x3428     0x2  rtx_evr.o [2]
  .text                 ro code       0x342c    0x5e  ABImemset.o [5]
  .text                 ro code       0x348c     0xc  os_systick.o [2]
  .text                 ro code       0x3498    0x20  RTX_Config.o [1]
  .text                 ro code       0x34b8    0x32  ABImemset48.o [5]
  .text                 ro code       0x34ea     0x2  rtx_evr.o [2]
  .text                 ro code       0x34ec    0x36  strlen.o [5]
  .rodata               const         0x3524   0x1b0  sysctl.o [4]
  .text                 ro code       0x36d4    0xc4  irq_cm4f.o [2]
  .rodata               const         0x3798    0x90  gpio.o [4]
  .text                 ro code       0x3828    0x90  rtx_timer.o [2]
  .text                 ro code       0x38b8    0x7c  iarttio.o [6]
  .text                 ro code       0x3934     0x8  XShttio.o [3]
  .rodata               const         0x393c    0x6c  sysctl.o [4]
  .rodata               const         0x39a8    0x68  rtx_lib.o [1]
  .text                 ro code       0x3a10    0x44  rtx_timer.o [2]
  .text                 ro code       0x3a54     0x2  rtx_evr.o [2]
  .text                 ro code       0x3a56    0x38  zero_init3.o [5]
  .rodata               const         0x3a90    0x30  sysctl.o [4]
  .text                 ro code       0x3ac0    0x30  system_TM4C1294_TW.o [1]
  .text                 ro code       0x3af0    0x28  data_init.o [5]
  .rodata               const         0x3b18    0x24  rtx_lib.o [1]
  .rodata               const         0x3b3c    0x24  rtx_lib.o [1]
  .rodata               const         0x3b60    0x24  UART_inst.o [1]
  .rodata               const         0x3b84    0x24  UART_inst.o [1]
  .rodata               const         0x3ba8    0x24  UART_inst.o [1]
  .rodata               const         0x3bcc    0x24  UART_inst.o [1]
  .text                 ro code       0x3bf0    0x22  iarwrite.o [6]
  .iar.init_table       const         0x3c14    0x20  - Linker created -
  .text                 ro code       0x3c34    0x20  putchar.o [3]
  .text                 ro code       0x3c54    0x10  write.o [6]
  .text                 ro code       0x3c64    0x1e  dwrite.o [6]
  .text                 ro code       0x3c82    0x20  iarwstd.o [6]
  .text                 ro code       0x3ca4    0x1e  cmain.o [5]
  .text                 ro code       0x3cc2     0x4  low_level_init.o [3]
  .text                 ro code       0x3cc6     0x4  exit.o [3]
  .text                 ro code       0x3ccc     0xa  cexit.o [5]
  .text                 ro code       0x3cd8    0x14  exit.o [6]
  .text                 ro code       0x3cec    0x1c  cstartup_M.o [5]
  .text                 ro code       0x3d08    0x14  startup_TM4C1294.o [1]
  .rodata               const         0x3d1c    0x18  rtx_lib.o [1]
  .text                 ro code       0x3d34    0x16  xprout.o [3]
  .rodata               const         0x3d4c    0x14  uartstdio.o [1]
  .rodata               const         0x3d60    0x10  rtx_lib.o [1]
  .rodata               const         0x3d70     0xc  rtx_lib.o [1]
  .rodata               const         0x3d7c     0xc  UART_inst.o [1]
  .rodata               const         0x3d88     0xc  UART_inst.o [1]
  .rodata               const         0x3d94     0xc  UART_inst.o [1]
  .rodata               const         0x3da0     0xc  UART_inst.o [1]
  .rodata               const         0x3dac     0xc  uartstdio.o [1]
  .rodata               const         0x3db8     0xc  uartstdio.o [1]
  .rodata               const         0x3dc4     0xc  uartstdio.o [1]
  .rodata               const         0x3dd0     0x8  UART_inst.o [1]
  .rodata               const         0x3dd8     0x8  uartstdio.o [1]
  .rodata               const         0x3de0     0x4  rtx_lib.o [1]
  .rodata               const         0x3de4     0x4  uartstdio.o [1]
  .rodata               const         0x3de8     0x0  zero_init3.o [5]
  .rodata               const         0x3de8     0x0  packbits_init_single.o [5]
  Initializer bytes     const         0x3de8     0xf  <for P2-1>
                                    - 0x3df7  0x3a37

"P2", part 1 of 3:                              0xac
  P2-1                           0x2000'0000    0xac  <Init block>
    .data               inited   0x2000'0000     0x8  XShttio.o [3]
    .data.os            inited   0x2000'0008    0xa4  rtx_kernel.o [2]
                               - 0x2000'00ac    0xac

"P2", part 2 of 3:                            0x181c
  .bss.os               zero     0x2000'00b0  0x1000  rtx_lib.o [1]
  .bss                  zero     0x2000'10b0   0x400  uartstdio.o [1]
  .bss.os.thread.stack  zero     0x2000'14b0   0x100  rtx_lib.o [1]
  .bss.os.thread.stack  zero     0x2000'15b0   0x100  rtx_lib.o [1]
  .bss                  zero     0x2000'16b0    0x80  uartstdio.o [1]
  .bss.os.msgqueue.mem  zero     0x2000'1730    0x50  rtx_lib.o [1]
  .bss.os.thread.cb     zero     0x2000'1780    0x44  rtx_lib.o [1]
  .bss.os.thread.cb     zero     0x2000'17c4    0x44  rtx_lib.o [1]
  .bss.os               zero     0x2000'1808    0x40  rtx_lib.o [1]
  .bss.os.msgqueue.cb   zero     0x2000'1848    0x34  rtx_lib.o [1]
  .bss                  zero     0x2000'187c     0xc  UART_inst.o [1]
  .bss                  zero     0x2000'1888     0x4  UART_inst.o [1]
  .bss                  zero     0x2000'188c     0x4  UART_inst.o [1]
  .bss                  zero     0x2000'1890     0x4  UART_inst.o [1]
  .bss                  zero     0x2000'1894     0x4  UART_inst.o [1]
  .bss                  zero     0x2000'1898     0x4  UART_inst.o [1]
  .bss                  zero     0x2000'189c     0x4  UART_inst.o [1]
  .bss                  zero     0x2000'18a0     0x4  UART_inst.o [1]
  .bss                  zero     0x2000'18a4     0x4  UART_inst.o [1]
  .bss                  zero     0x2000'18a8     0x4  UART_inst.o [1]
  .bss                  zero     0x2000'18ac     0x4  uartstdio.o [1]
  .bss                  zero     0x2000'18b0     0x4  uartstdio.o [1]
  .bss                  zero     0x2000'18b4     0x4  uartstdio.o [1]
  .bss                  zero     0x2000'18b8     0x4  uartstdio.o [1]
  .bss                  zero     0x2000'18bc     0x4  uartstdio.o [1]
  .bss                  zero     0x2000'18c0     0x4  uartstdio.o [1]
  .bss                  zero     0x2000'18c4     0x1  uartstdio.o [1]
  .bss                  zero     0x2000'18c5     0x1  uartstdio.o [1]
  .bss                  zero     0x2000'18c6     0x1  os_systick.o [2]
                               - 0x2000'18c7  0x181b

"P2", part 3 of 3:                            0x8008
  .noinit               uninit   0x2000'18c8     0x4  system_TM4C1294_TW.o [1]
  CSTACK                         0x2000'18d0  0x8000  <Block>
    CSTACK              uninit   0x2000'18d0  0x8000  <Block tail>
                               - 0x2000'98d0  0x8008

Unused ranges:

         From           To      Size
         ----           --      ----
       0x3df7     0xf'ffff  0xf'c209
  0x2000'98d0  0x2003'ffff  0x3'6730


*******************************************************************************
*** INIT TABLE
***

          Address      Size
          -------      ----
Zero (__iar_zero_init3)
    1 destination range, total size 0x1817:
          0x2000'00b0  0x1817

Copy/packbits (__iar_packbits_init_single3)
    1 source range, total size 0xf (8% of destination):
               0x3de8     0xf
    1 destination range, total size 0xac:
          0x2000'0000    0xac



*******************************************************************************
*** MODULE SUMMARY
***

    Module                  ro code  ro data  rw data
    ------                  -------  -------  -------
command line/config:
    -------------------------------------------------
    Total:

C:\Users\Usuario\Desktop\Projetos_TIVA\TM4C1294_RTOS_IAR9-main-Projeto-Final\Projects\UART_inst\ewarm\Obj: [1]
    RTX_Config.o                 32
    UART_inst.o               2'160      200       48
    rtx_lib.o                     2      232    4'940
    startup_TM4C1294.o          982
    system_TM4C1294_TW.o         48                 4
    uartstdio.o               1'492       68    1'178
    -------------------------------------------------
    Total:                    4'716      500    6'170

RTX_CM.a: [2]
    irq_cm4f.o                  196
    os_systick.o                126                 1
    rtx_delay.o                 124
    rtx_evr.o                   120
    rtx_kernel.o                712       15      164
    rtx_memory.o                274
    rtx_mempool.o               230
    rtx_msgqueue.o            1'660
    rtx_mutex.o                 844
    rtx_system.o                372
    rtx_thread.o              2'084
    rtx_timer.o                 212
    -------------------------------------------------
    Total:                    6'954       15      165

dl7M_tln.a: [3]
    XShttio.o                     8                 8
    exit.o                        4
    low_level_init.o              4
    printf.o                     40
    putchar.o                    32
    xprintftiny.o               310
    xprout.o                     22
    -------------------------------------------------
    Total:                      420                 8

driverlib.a: [4]
    cpu.o                        16
    gpio.o                      396      144
    interrupt.o                 240
    sysctl.o                    684      588
    uart.o                      274
    -------------------------------------------------
    Total:                    1'610      732

rt7M_tl.a: [5]
    ABImemclr.o                   6
    ABImemclr4.o                  6
    ABImemcpy.o                 166
    ABImemset.o                  94
    ABImemset48.o                50
    cexit.o                      10
    cmain.o                      30
    cstartup_M.o                 28
    data_init.o                  40
    packbits_init_single.o       58
    strlen.o                     54
    zero_init3.o                 56
    -------------------------------------------------
    Total:                      598

shb_l.a: [6]
    dwrite.o                     30
    exit.o                       20
    iarttio.o                   124
    iarwrite.o                   34
    iarwstd.o                    32
    write.o                      16
    -------------------------------------------------
    Total:                      256

    Gaps                         22        8        4
    Linker created                        32   32'768
-----------------------------------------------------
    Grand Total:             14'576    1'287   39'115


*******************************************************************************
*** ENTRY LIST
***

Entry                       Address    Size  Type      Object
-----                       -------    ----  ----      ------
.iar.init_table$$Base        0x3c14           --   Gb  - Linker created -
.iar.init_table$$Limit       0x3c34           --   Gb  - Linker created -
?main                        0x3ca5          Code  Gb  cmain.o [5]
CPUcpsid                     0x3411     0x8  Code  Gb  cpu.o [4]
CPUcpsie                     0x3419     0x8  Code  Gb  cpu.o [4]
CSTACK$$Base            0x2000'18d0           --   Gb  - Linker created -
CSTACK$$Limit           0x2000'98d0           --   Gb  - Linker created -
Central                 0x2000'18a0     0x4  Data  Gb  UART_inst.o [1]
ControladorElevador           0x421    0xda  Code  Gb  UART_inst.o [1]
ControladorElevador_thread_id
                        0x2000'1894     0x4  Data  Gb  UART_inst.o [1]
Direito                 0x2000'18a4     0x4  Data  Gb  UART_inst.o [1]
ElevadorCentral               0x6ed   0x1e6  Code  Gb  UART_inst.o [1]
ElevadorCentral_thread_id
                        0x2000'188c     0x4  Data  Gb  UART_inst.o [1]
ElevadorDireita               0x8ed   0x1c0  Code  Gb  UART_inst.o [1]
ElevadorDireita_thread_id
                        0x2000'1890     0x4  Data  Gb  UART_inst.o [1]
ElevadorEsquerda              0x4fb   0x1ea  Code  Gb  UART_inst.o [1]
ElevadorEsquerda_thread_id
                        0x2000'1888     0x4  Data  Gb  UART_inst.o [1]
Esquerdo                0x2000'189c     0x4  Data  Gb  UART_inst.o [1]
EvrRtxDelayCompleted         0x328b     0x2  Code  Gb  rtx_evr.o [2]
EvrRtxDelayError             0x3287     0x2  Code  Gb  rtx_evr.o [2]
EvrRtxDelayUntil             0x328d     0x2  Code  Gb  rtx_evr.o [2]
EvrRtxDelayUntilStarted
                             0x3289     0x2  Code  Gb  rtx_evr.o [2]
EvrRtxEventFlagsWaitTimeout
                             0x33c7     0x2  Code  Gb  rtx_evr.o [2]
EvrRtxKernelError            0x31a1     0x2  Code  Gb  rtx_evr.o [2]
EvrRtxKernelGetState         0x31f1     0x2  Code  Gb  rtx_evr.o [2]
EvrRtxKernelGetTickCount
                             0x3271     0x2  Code  Gb  rtx_evr.o [2]
EvrRtxKernelInitialize       0x326d     0x2  Code  Gb  rtx_evr.o [2]
EvrRtxKernelInitialized
                             0x31ef     0x2  Code  Gb  rtx_evr.o [2]
EvrRtxKernelStart            0x326f     0x2  Code  Gb  rtx_evr.o [2]
EvrRtxKernelStarted          0x3269     0x2  Code  Gb  rtx_evr.o [2]
EvrRtxMemoryAlloc            0x3427     0x2  Code  Gb  rtx_evr.o [2]
EvrRtxMemoryBlockAlloc       0x3423     0x2  Code  Gb  rtx_evr.o [2]
EvrRtxMemoryBlockFree        0x3425     0x2  Code  Gb  rtx_evr.o [2]
EvrRtxMemoryBlockInit        0x3421     0x2  Code  Gb  rtx_evr.o [2]
EvrRtxMemoryFree             0x3429     0x2  Code  Gb  rtx_evr.o [2]
EvrRtxMemoryInit             0x34eb     0x2  Code  Gb  rtx_evr.o [2]
EvrRtxMemoryPoolAllocTimeout
                             0x33cb     0x2  Code  Gb  rtx_evr.o [2]
EvrRtxMessageQueueCreated
                             0x3013     0x2  Code  Gb  rtx_evr.o [2]
EvrRtxMessageQueueError
                             0x2f3b     0x2  Code  Gb  rtx_evr.o [2]
EvrRtxMessageQueueGet        0x319f     0x2  Code  Gb  rtx_evr.o [2]
EvrRtxMessageQueueGetCount
                             0x3021     0x2  Code  Gb  rtx_evr.o [2]
EvrRtxMessageQueueGetPending
                             0x301b     0x2  Code  Gb  rtx_evr.o [2]
EvrRtxMessageQueueGetTimeout
                             0x301d     0x2  Code  Gb  rtx_evr.o [2]
EvrRtxMessageQueueInsertPending
                             0x319d     0x2  Code  Gb  rtx_evr.o [2]
EvrRtxMessageQueueInserted
                             0x2f37     0x2  Code  Gb  rtx_evr.o [2]
EvrRtxMessageQueueNew        0x3023     0x2  Code  Gb  rtx_evr.o [2]
EvrRtxMessageQueueNotInserted
                             0x3019     0x2  Code  Gb  rtx_evr.o [2]
EvrRtxMessageQueueNotRetrieved
                             0x301f     0x2  Code  Gb  rtx_evr.o [2]
EvrRtxMessageQueuePut        0x3025     0x2  Code  Gb  rtx_evr.o [2]
EvrRtxMessageQueuePutPending
                             0x3015     0x2  Code  Gb  rtx_evr.o [2]
EvrRtxMessageQueuePutTimeout
                             0x3017     0x2  Code  Gb  rtx_evr.o [2]
EvrRtxMessageQueueRetrieved
                             0x2f39     0x2  Code  Gb  rtx_evr.o [2]
EvrRtxMutexAcquire           0x3283     0x2  Code  Gb  rtx_evr.o [2]
EvrRtxMutexAcquirePending
                             0x327b     0x2  Code  Gb  rtx_evr.o [2]
EvrRtxMutexAcquireTimeout
                             0x327d     0x2  Code  Gb  rtx_evr.o [2]
EvrRtxMutexAcquired          0x3275     0x2  Code  Gb  rtx_evr.o [2]
EvrRtxMutexCreated           0x3279     0x2  Code  Gb  rtx_evr.o [2]
EvrRtxMutexError             0x3277     0x2  Code  Gb  rtx_evr.o [2]
EvrRtxMutexNew               0x3281     0x2  Code  Gb  rtx_evr.o [2]
EvrRtxMutexNotAcquired       0x327f     0x2  Code  Gb  rtx_evr.o [2]
EvrRtxMutexRelease           0x3285     0x2  Code  Gb  rtx_evr.o [2]
EvrRtxMutexReleased          0x3273     0x2  Code  Gb  rtx_evr.o [2]
EvrRtxSemaphoreAcquireTimeout
                             0x33c9     0x2  Code  Gb  rtx_evr.o [2]
EvrRtxThreadBlocked          0x33fb     0x2  Code  Gb  rtx_evr.o [2]
EvrRtxThreadCreated          0x3401     0x2  Code  Gb  rtx_evr.o [2]
EvrRtxThreadDestroyed        0x3409     0x2  Code  Gb  rtx_evr.o [2]
EvrRtxThreadError            0x33ff     0x2  Code  Gb  rtx_evr.o [2]
EvrRtxThreadExit             0x340d     0x2  Code  Gb  rtx_evr.o [2]
EvrRtxThreadFlagsWaitCompleted
                             0x33fd     0x2  Code  Gb  rtx_evr.o [2]
EvrRtxThreadFlagsWaitTimeout
                             0x33c5     0x2  Code  Gb  rtx_evr.o [2]
EvrRtxThreadGetId            0x3405     0x2  Code  Gb  rtx_evr.o [2]
EvrRtxThreadGetName          0x3403     0x2  Code  Gb  rtx_evr.o [2]
EvrRtxThreadJoined           0x3407     0x2  Code  Gb  rtx_evr.o [2]
EvrRtxThreadNew              0x340b     0x2  Code  Gb  rtx_evr.o [2]
EvrRtxThreadPreempted        0x33cf     0x2  Code  Gb  rtx_evr.o [2]
EvrRtxThreadSwitched         0x33f9     0x2  Code  Gb  rtx_evr.o [2]
EvrRtxThreadUnblocked        0x33cd     0x2  Code  Gb  rtx_evr.o [2]
EvrRtxTimerCallback          0x3a55     0x2  Code  Gb  rtx_evr.o [2]
GPIODirModeSet               0x14b1    0x28  Code  Gb  gpio.o [4]
GPIOPadConfigSet             0x14d9   0x102  Code  Gb  gpio.o [4]
GPIOPinConfigure             0x15fb    0x36  Code  Gb  gpio.o [4]
GPIOPinTypeUART              0x15e7    0x14  Code  Gb  gpio.o [4]
IntDisable                   0x2bd9    0x52  Code  Gb  interrupt.o [4]
IntEnable                    0x2b85    0x52  Code  Gb  interrupt.o [4]
IntMasterDisable             0x2b75     0x6  Code  Gb  interrupt.o [4]
IntMasterEnable              0x2b6d     0x8  Code  Gb  interrupt.o [4]
IsBufferEmpty                 0xef9    0x12  Code  Lc  uartstdio.o [1]
IsBufferFull                  0xedd    0x1c  Code  Lc  uartstdio.o [1]
MessageQueueGet              0x1689    0x40  Code  Lc  rtx_msgqueue.o [2]
MessageQueuePut              0x163d    0x4a  Code  Lc  rtx_msgqueue.o [2]
MessageQueueRemove           0x16c9    0x1a  Code  Lc  rtx_msgqueue.o [2]
OS_Tick_AcknowledgeIRQ       0x348d     0xc  Code  Gb  os_systick.o [2]
OS_Tick_Enable               0x323d    0x2c  Code  Gb  os_systick.o [2]
OS_Tick_GetIRQn              0x3235     0x6  Code  Gb  os_systick.o [2]
OS_Tick_Setup                0x31f5    0x40  Code  Gb  os_systick.o [2]
PendST                  0x2000'18c6     0x1  Data  Lc  os_systick.o [2]
PendSV_Handler               0x376d          Code  Gb  irq_cm4f.o [2]
Region$$Table$$Base          0x3c14           --   Gb  - Linker created -
Region$$Table$$Limit         0x3c34           --   Gb  - Linker created -
SVC_Handler                  0x36d5          Code  Gb  irq_cm4f.o [2]
SysCtlClockFreqSet            0xc9d   0x1fc  Code  Gb  sysctl.o [4]
SysCtlPeripheralEnable        0xc7f     0x8  Code  Gb  sysctl.o [4]
SysCtlPeripheralPresent
                              0xc53     0xa  Code  Gb  sysctl.o [4]
SysCtlPeripheralReady         0xc5d     0x8  Code  Gb  sysctl.o [4]
SysTick_Handler              0x377d          Code  Gb  irq_cm4f.o [2]
SystemCoreClock         0x2000'18c8     0x4  Data  Gb  system_TM4C1294_TW.o [1]
SystemInit                   0x3ac1    0x1c  Code  Gb  system_TM4C1294_TW.o [1]
ThreadFlagsCheck             0x2371    0x6c  Code  Lc  rtx_thread.o [2]
TimerInsert                  0x3829    0x38  Code  Lc  rtx_timer.o [2]
UART0_Handler                 0x415     0x8  Code  Gb  UART_inst.o [1]
UARTCharGetNonBlocking       0x2d1f    0x14  Code  Gb  uart.o [4]
UARTCharPutNonBlocking       0x2d33    0x18  Code  Gb  uart.o [4]
UARTCharsAvail               0x2d07     0x8  Code  Gb  uart.o [4]
UARTConfigSetExpClk          0x2c65    0x5c  Code  Gb  uart.o [4]
UARTDisable                  0x2cdb    0x22  Code  Gb  uart.o [4]
UARTEnable                   0x2cc1    0x1a  Code  Gb  uart.o [4]
UARTFIFOLevelSet             0x2c5d     0x8  Code  Gb  uart.o [4]
UARTFlushRx                  0x12e7    0x1c  Code  Gb  uartstdio.o [1]
UARTFlushTx                  0x1303    0x30  Code  Gb  uartstdio.o [1]
UARTInit                      0x3c1    0x54  Code  Gb  UART_inst.o [1]
UARTIntClear                 0x2d69     0x6  Code  Gb  uart.o [4]
UARTIntDisable               0x2d51     0x4  Code  Gb  uart.o [4]
UARTIntEnable                0x2d4b     0x6  Code  Gb  uart.o [4]
UARTIntStatus                0x2d5d     0xc  Code  Gb  uart.o [4]
UARTPrimeTransmit             0xf0b    0x7a  Code  Lc  uartstdio.o [1]
UARTSpaceAvail               0x2d0f     0x6  Code  Gb  uart.o [4]
UARTStdioConfig               0xf85    0x92  Code  Gb  uartstdio.o [1]
UARTStdioIntHandler          0x1339   0x132  Code  Gb  uartstdio.o [1]
UARTStdioIntHandler::bLastWasCR
                        0x2000'18c5     0x1  Data  Lc  uartstdio.o [1]
UARTgets                     0x10c1    0x62  Code  Gb  uartstdio.o [1]
UARTprintf                   0x12d9     0xe  Code  Gb  uartstdio.o [1]
UARTvprintf                  0x1123   0x1b6  Code  Gb  uartstdio.o [1]
UARTwrite                    0x1017    0xaa  Code  Gb  uartstdio.o [1]
_PrintfTiny                  0x32a7   0x11e  Code  Gb  xprintftiny.o [3]
_Prout                       0x3d35    0x16  Code  Gb  xprout.o [3]
_SysCtlMemTimingGet           0xc31    0x22  Code  Lc  sysctl.o [4]
__Vectors                       0x0           --   Gb  startup_TM4C1294.o [1]
__Vectors_End                 0x3c0          Data  Gb  startup_TM4C1294.o [1]
__Vectors_Size {Abs}          0x3c0           --   Gb  startup_TM4C1294.o [1]
__aeabi_memclr               0x300d          Code  Gb  ABImemclr.o [5]
__aeabi_memclr4              0x31a5          Code  Gb  ABImemclr4.o [5]
__aeabi_memcpy               0x2e91          Code  Gb  ABImemcpy.o [5]
__aeabi_memcpy4              0x2eb1          Code  Gb  ABImemcpy.o [5]
__aeabi_memcpy8              0x2eb1          Code  Gb  ABImemcpy.o [5]
__cmain                      0x3ca5          Code  Gb  cmain.o [5]
__dwrite                     0x3c65    0x1e  Code  Gb  dwrite.o [6]
__exit                       0x3cd9    0x14  Code  Gb  exit.o [6]
__iar_Memset4_word           0x34b9          Code  Gb  ABImemset48.o [5]
__iar_Memset8_word           0x34b9          Code  Gb  ABImemset48.o [5]
__iar_Memset_word            0x342d          Code  Gb  ABImemset.o [5]
__iar_close_ttio             0x38b9    0x2c  Code  Gb  iarttio.o [6]
__iar_data_init3             0x3af1    0x28  Code  Gb  data_init.o [5]
__iar_get_ttio               0x38e5    0x4c  Code  Gb  iarttio.o [6]
__iar_init_vfp               0x3d11          Code  Wk  startup_TM4C1294.o [1]
__iar_lookup_ttioh           0x3935     0x8  Code  Gb  XShttio.o [3]
__iar_packbits_init_single3
                             0x2d6f    0x3a  Code  Gb  packbits_init_single.o [5]
__iar_program_start          0x3ced          Code  Gb  cstartup_M.o [5]
__iar_sh_stdout              0x3c83    0x20  Code  Gb  iarwstd.o [6]
__iar_sh_write               0x3bf1    0x22  Code  Gb  iarwrite.o [6]
__iar_ttio_handles      0x2000'0000     0x8  Data  Lc  XShttio.o [3]
__iar_zero_init3             0x3a57    0x38  Code  Gb  zero_init3.o [5]
__low_level_init             0x3cc3     0x4  Code  Gb  low_level_init.o [3]
__vector_table                  0x0          Data  Gb  startup_TM4C1294.o [1]
__vector_table_0x1c            0x1c          Data  Gb  startup_TM4C1294.o [1]
__write                      0x3c55    0x10  Code  Gb  write.o [6]
_call_main                   0x3cb1          Code  Gb  cmain.o [5]
_exit                        0x3ccd          Code  Gb  cexit.o [5]
exit                         0x3cc7     0x4  Code  Gb  exit.o [3]
filaElevador            0x2000'187c     0xc  Data  Gb  UART_inst.o [1]
g_bDisableEcho          0x2000'18c4     0x1  Data  Lc  uartstdio.o [1]
g_pcHex                      0x3de4     0x4  Data  Lc  uartstdio.o [1]
g_pcUARTRxBuffer        0x2000'16b0    0x80  Data  Lc  uartstdio.o [1]
g_pcUARTTxBuffer        0x2000'10b0   0x400  Data  Lc  uartstdio.o [1]
g_pppui32XTALtoVCO           0x3524   0x1b0  Data  Lc  sysctl.o [4]
g_pui32Dii16Regs             0x2c48    0x14  Data  Lc  interrupt.o [4]
g_pui32EnRegs                0x2c34    0x14  Data  Lc  interrupt.o [4]
g_pui32GPIOBaseAddrs         0x3798    0x90  Data  Lc  gpio.o [4]
g_pui32VCOFrequencies         0xed4     0x8  Data  Lc  sysctl.o [4]
g_pui32Xtals                 0x393c    0x6c  Data  Lc  sysctl.o [4]
g_sXTALtoMEMTIM              0x3a90    0x30  Data  Lc  sysctl.o [4]
g_ui32Base              0x2000'18bc     0x4  Data  Lc  uartstdio.o [1]
g_ui32PortNum           0x2000'18c0     0x4  Data  Lc  uartstdio.o [1]
g_ui32UARTBase               0x3dac     0xc  Data  Lc  uartstdio.o [1]
g_ui32UARTInt                0x3db8     0xc  Data  Lc  uartstdio.o [1]
g_ui32UARTPeriph             0x3dc4     0xc  Data  Lc  uartstdio.o [1]
g_ui32UARTRxReadIndex   0x2000'18b8     0x4  Data  Lc  uartstdio.o [1]
g_ui32UARTRxWriteIndex  0x2000'18b4     0x4  Data  Lc  uartstdio.o [1]
g_ui32UARTTxReadIndex   0x2000'18b0     0x4  Data  Lc  uartstdio.o [1]
g_ui32UARTTxWriteIndex  0x2000'18ac     0x4  Data  Lc  uartstdio.o [1]
main                          0xab9   0x102  Code  Gb  UART_inst.o [1]
osDelayUntil                 0x2309    0x38  Code  Gb  rtx_delay.o [2]
osKernelGetState             0x1eb5    0x40  Code  Gb  rtx_kernel.o [2]
osKernelGetTickCount         0x1f29    0x20  Code  Gb  rtx_kernel.o [2]
osKernelInitialize           0x1e7d    0x38  Code  Gb  rtx_kernel.o [2]
osKernelStart                0x1ef5    0x34  Code  Gb  rtx_kernel.o [2]
osMessageQueueGet            0x1bd1    0x90  Code  Gb  rtx_msgqueue.o [2]
osMessageQueueGetCount       0x1c61    0x38  Code  Gb  rtx_msgqueue.o [2]
osMessageQueueNew            0x1af9    0x3e  Code  Gb  rtx_msgqueue.o [2]
osMessageQueuePut            0x1b39    0x98  Code  Gb  rtx_msgqueue.o [2]
osMutexAcquire               0x223d    0x3e  Code  Gb  rtx_mutex.o [2]
osMutexNew                   0x2205    0x36  Code  Gb  rtx_mutex.o [2]
osMutexRelease               0x227d    0x3a  Code  Gb  rtx_mutex.o [2]
osRtxConfig                  0x39a8    0x68  Data  Gb  rtx_lib.o [1]
osRtxErrorNotify             0x3499    0x20  Code  Gb  RTX_Config.o [1]
osRtxIdleThread               0x41d     0x4  Code  Gb  UART_inst.o [1]
osRtxInfo               0x2000'0008    0xa4  Data  Gb  rtx_kernel.o [2]
osRtxKernelPreInit           0x326b     0x2  Code  Gb  rtx_lib.o [1]
osRtxMemoryAlloc             0x2f3d    0x84  Code  Gb  rtx_memory.o [2]
osRtxMemoryFree              0x2fc1    0x4a  Code  Gb  rtx_memory.o [2]
osRtxMemoryInit              0x31ab    0x44  Code  Gb  rtx_memory.o [2]
osRtxMemoryPoolAlloc         0x2df5    0x44  Code  Gb  rtx_mempool.o [2]
osRtxMemoryPoolFree          0x2e39    0x56  Code  Gb  rtx_mempool.o [2]
osRtxMemoryPoolInit          0x2da9    0x4a  Code  Gb  rtx_mempool.o [2]
osRtxMessageQueuePostProcess
                             0x16e3    0xe6  Code  Lc  rtx_msgqueue.o [2]
osRtxMutexOwnerRelease       0x1f81    0x52  Code  Gb  rtx_mutex.o [2]
osRtxPendSV_Handler          0x3099    0x8a  Code  Gb  rtx_system.o [2]
osRtxPostProcess             0x3125    0x6e  Code  Gb  rtx_system.o [2]
osRtxThreadBlock             0x25fb    0x34  Code  Lc  rtx_thread.o [2]
osRtxThreadDelayInsert       0x2453    0x62  Code  Lc  rtx_thread.o [2]
osRtxThreadDelayRemove       0x24b5    0x44  Code  Lc  rtx_thread.o [2]
osRtxThreadDelayTick         0x24f9    0xee  Code  Gb  rtx_thread.o [2]
osRtxThreadDispatch          0x264b    0x54  Code  Gb  rtx_thread.o [2]
osRtxThreadFree              0x296b    0x56  Code  Lc  rtx_thread.o [2]
osRtxThreadListGet           0x23ff    0x14  Code  Gb  rtx_thread.o [2]
osRtxThreadListPut           0x23dd    0x22  Code  Gb  rtx_thread.o [2]
osRtxThreadListRemove        0x2435    0x16  Code  Gb  rtx_thread.o [2]
osRtxThreadListSort          0x2413    0x22  Code  Gb  rtx_thread.o [2]
osRtxThreadPostProcess       0x2713    0x54  Code  Lc  rtx_thread.o [2]
osRtxThreadReadyPut          0x244b     0x8  Code  Gb  rtx_thread.o [2]
osRtxThreadRegPtr            0x25e7    0x14  Code  Gb  rtx_thread.o [2]
osRtxThreadStackCheck        0x33d1    0x28  Code  Gb  rtx_thread.o [2]
osRtxThreadStartup           0x2a55    0x30  Code  Gb  rtx_thread.o [2]
osRtxThreadSwitch            0x262f    0x1c  Code  Gb  rtx_thread.o [2]
osRtxThreadWaitEnter         0x26d9    0x3a  Code  Gb  rtx_thread.o [2]
osRtxThreadWaitExit          0x26a5    0x2e  Code  Gb  rtx_thread.o [2]
osRtxTick_Handler            0x3029    0x6e  Code  Gb  rtx_system.o [2]
osRtxTimerThread             0x3a11    0x44  Code  Gb  rtx_timer.o [2]
osRtxTimerTick               0x3861    0x54  Code  Lc  rtx_timer.o [2]
osRtxUserSVC                 0x3de0     0x4  Data  Gb  rtx_lib.o [1]
osThreadExit                 0x2b31    0x16  Code  Gb  rtx_thread.o [2]
osThreadGetId                0x2af5    0x32  Code  Gb  rtx_thread.o [2]
osThreadGetName              0x2ac9    0x2c  Code  Gb  rtx_thread.o [2]
osThreadNew                  0x2a89    0x40  Code  Gb  rtx_thread.o [2]
os_idle_thread_attr          0x3b18    0x24  Data  Lc  rtx_lib.o [1]
os_idle_thread_cb       0x2000'1780    0x44  Data  Lc  rtx_lib.o [1]
os_idle_thread_stack    0x2000'14b0   0x100  Data  Lc  rtx_lib.o [1]
os_isr_queue            0x2000'1808    0x40  Data  Lc  rtx_lib.o [1]
os_mem                  0x2000'00b0  0x1000  Data  Lc  rtx_lib.o [1]
os_timer_mq_attr             0x3d1c    0x18  Data  Lc  rtx_lib.o [1]
os_timer_mq_cb          0x2000'1848    0x34  Data  Lc  rtx_lib.o [1]
os_timer_mq_data        0x2000'1730    0x50  Data  Lc  rtx_lib.o [1]
os_timer_thread_attr         0x3b3c    0x24  Data  Lc  rtx_lib.o [1]
os_timer_thread_cb      0x2000'17c4    0x44  Data  Lc  rtx_lib.o [1]
os_timer_thread_stack   0x2000'15b0   0x100  Data  Lc  rtx_lib.o [1]
out                          0x328f    0x18  Code  Lc  xprintftiny.o [3]
printf                       0x2349    0x28  Code  Gb  printf.o [3]
putchar                      0x3c35    0x20  Code  Gb  putchar.o [3]
strlen                       0x34ed          Code  Gb  strlen.o [5]
svcRtxDelayUntil             0x22cd    0x3c  Code  Lc  rtx_delay.o [2]
svcRtxKernelGetState         0x1dcf    0x12  Code  Lc  rtx_kernel.o [2]
svcRtxKernelGetTickCount
                             0x1e77     0x4  Code  Lc  rtx_kernel.o [2]
svcRtxKernelInitialize       0x1cb9   0x116  Code  Lc  rtx_kernel.o [2]
svcRtxKernelStart            0x1de1    0x96  Code  Lc  rtx_kernel.o [2]
svcRtxMessageQueueGet        0x19cd    0xe8  Code  Lc  rtx_msgqueue.o [2]
svcRtxMessageQueueGetCount
                             0x1add    0x12  Code  Lc  rtx_msgqueue.o [2]
svcRtxMessageQueueNew        0x17c9   0x130  Code  Lc  rtx_msgqueue.o [2]
svcRtxMessageQueuePut        0x18f9    0xd4  Code  Lc  rtx_msgqueue.o [2]
svcRtxMutexAcquire           0x2051    0xd2  Code  Lc  rtx_mutex.o [2]
svcRtxMutexNew               0x1fd3    0x7e  Code  Lc  rtx_mutex.o [2]
svcRtxMutexRelease           0x2123    0xd6  Code  Lc  rtx_mutex.o [2]
svcRtxThreadExit             0x29c1    0x8e  Code  Lc  rtx_thread.o [2]
svcRtxThreadGetId            0x2959    0x12  Code  Lc  rtx_thread.o [2]
svcRtxThreadGetName          0x2939    0x20  Code  Lc  rtx_thread.o [2]
svcRtxThreadNew              0x2767   0x1cc  Code  Lc  rtx_thread.o [2]
thread0_attr                 0x3bcc    0x24  Data  Gb  UART_inst.o [1]
thread1_attr                 0x3b60    0x24  Data  Gb  UART_inst.o [1]
thread2_attr                 0x3b84    0x24  Data  Gb  UART_inst.o [1]
thread3_attr                 0x3ba8    0x24  Data  Gb  UART_inst.o [1]
tickAnterior            0x2000'18a8     0x4  Data  Gb  UART_inst.o [1]
uart_id                 0x2000'1898     0x4  Data  Gb  UART_inst.o [1]


[1] = C:\Users\Usuario\Desktop\Projetos_TIVA\TM4C1294_RTOS_IAR9-main-Projeto-Final\Projects\UART_inst\ewarm\Obj
[2] = RTX_CM.a
[3] = dl7M_tln.a
[4] = driverlib.a
[5] = rt7M_tl.a
[6] = shb_l.a

  14'576 bytes of readonly  code memory
   1'287 bytes of readonly  data memory
  39'115 bytes of readwrite data memory

Errors: none
Warnings: none
